
Loading design for application trce from file mux00_mux0.ncd.
Design name: mux00
NCD version: 3.3
Vendor:      LATTICE
Device:      LCMXO2-7000HE
Package:     TQFP144
Performance: 5
Loading device for application trce from file 'xo2c7000.nph' in environment: C:/lscc/diamond/3.12/ispfpga.
Package Status:                     Final          Version 1.39.
Performance Hardware Data Status:   Final          Version 34.4.
Setup and Hold Report

--------------------------------------------------------------------------------
Lattice TRACE Report - Setup, Version Diamond (64-bit) 3.12.0.240.2
Fri Sep 09 16:04:05 2022

Copyright (c) 1991-1994 by NeoCAD Inc. All rights reserved.
Copyright (c) 1995 AT&T Corp.   All rights reserved.
Copyright (c) 1995-2001 Lucent Technologies Inc.  All rights reserved.
Copyright (c) 2001 Agere Systems   All rights reserved.
Copyright (c) 2002-2020 Lattice Semiconductor Corporation,  All rights reserved.

Report Information
------------------
Command line:    trce -v 10 -gt -sethld -sp 5 -sphld m -o mux00_mux0.twr -gui -msgset C:/Users/Isaac/Desktop/ESCOM/7moSemestre/ArquitecturaDeComputadoras/01-projectDiamont-PrimerParcial/02-mux00/promote.xml mux00_mux0.ncd mux00_mux0.prf 
Design file:     mux00_mux0.ncd
Preference file: mux00_mux0.prf
Device,speed:    LCMXO2-7000HE,5
Report level:    verbose report, limited to 10 items per preference
--------------------------------------------------------------------------------

BLOCK ASYNCPATHS
BLOCK RESETPATHS
--------------------------------------------------------------------------------



================================================================================
Preference: Default path enumeration
            147 items scored, 0 timing errors detected.
--------------------------------------------------------------------------------

Report:   16.145ns delay Sa[3] to Ya[0]

   Name    Fanout   Delay (ns)          Site               Resource
PADI_DEL    ---     1.372         97.PAD to       97.PADDI Sa[3]
ROUTE         6     4.478       97.PADDI to     R23C32A.A0 Sa_c[3]
CTOF_DEL    ---     0.452     R23C32A.A0 to     R23C32A.F0 SLICE_9
ROUTE         7     2.102     R23C32A.F0 to     R25C31B.A0 N_41_mux
CTOOFX_DEL  ---     0.661     R25C31B.A0 to   R25C31B.OFX0 Ya_pad_RNO[0]/SLICE_7
ROUTE         1     3.632   R25C31B.OFX0 to       35.PADDO Ya_c[0]
DOPAD_DEL   ---     3.448       35.PADDO to         35.PAD Ya[0]
                  --------
                   16.145   (36.7% logic, 63.3% route), 4 logic levels.

Report:   15.887ns delay Sa[0] to Ya[0]

   Name    Fanout   Delay (ns)          Site               Resource
PADI_DEL    ---     1.372        100.PAD to      100.PADDI Sa[0]
ROUTE         7     4.220      100.PADDI to     R23C32A.B0 Sa_c[0]
CTOF_DEL    ---     0.452     R23C32A.B0 to     R23C32A.F0 SLICE_9
ROUTE         7     2.102     R23C32A.F0 to     R25C31B.A0 N_41_mux
CTOOFX_DEL  ---     0.661     R25C31B.A0 to   R25C31B.OFX0 Ya_pad_RNO[0]/SLICE_7
ROUTE         1     3.632   R25C31B.OFX0 to       35.PADDO Ya_c[0]
DOPAD_DEL   ---     3.448       35.PADDO to         35.PAD Ya[0]
                  --------
                   15.887   (37.3% logic, 62.7% route), 4 logic levels.

Report:   15.797ns delay Sa[3] to Ya[1]

   Name    Fanout   Delay (ns)          Site               Resource
PADI_DEL    ---     1.372         97.PAD to       97.PADDI Sa[3]
ROUTE         6     4.478       97.PADDI to     R23C32A.A0 Sa_c[3]
CTOF_DEL    ---     0.452     R23C32A.A0 to     R23C32A.F0 SLICE_9
ROUTE         7     2.133     R23C32A.F0 to     R25C31A.B0 N_41_mux
CTOOFX_DEL  ---     0.661     R25C31A.B0 to   R25C31A.OFX0 Ya_pad_RNO[1]/SLICE_6
ROUTE         1     3.253   R25C31A.OFX0 to       34.PADDO Ya_c[1]
DOPAD_DEL   ---     3.448       34.PADDO to         34.PAD Ya[1]
                  --------
                   15.797   (37.6% logic, 62.4% route), 4 logic levels.

Report:   15.655ns delay Sa[2] to Ya[0]

   Name    Fanout   Delay (ns)          Site               Resource
PADI_DEL    ---     1.372         98.PAD to       98.PADDI Sa[2]
ROUTE         6     3.988       98.PADDI to     R23C32A.C0 Sa_c[2]
CTOF_DEL    ---     0.452     R23C32A.C0 to     R23C32A.F0 SLICE_9
ROUTE         7     2.102     R23C32A.F0 to     R25C31B.A0 N_41_mux
CTOOFX_DEL  ---     0.661     R25C31B.A0 to   R25C31B.OFX0 Ya_pad_RNO[0]/SLICE_7
ROUTE         1     3.632   R25C31B.OFX0 to       35.PADDO Ya_c[0]
DOPAD_DEL   ---     3.448       35.PADDO to         35.PAD Ya[0]
                  --------
                   15.655   (37.9% logic, 62.1% route), 4 logic levels.

Report:   15.539ns delay Sa[0] to Ya[1]

   Name    Fanout   Delay (ns)          Site               Resource
PADI_DEL    ---     1.372        100.PAD to      100.PADDI Sa[0]
ROUTE         7     4.220      100.PADDI to     R23C32A.B0 Sa_c[0]
CTOF_DEL    ---     0.452     R23C32A.B0 to     R23C32A.F0 SLICE_9
ROUTE         7     2.133     R23C32A.F0 to     R25C31A.B0 N_41_mux
CTOOFX_DEL  ---     0.661     R25C31A.B0 to   R25C31A.OFX0 Ya_pad_RNO[1]/SLICE_6
ROUTE         1     3.253   R25C31A.OFX0 to       34.PADDO Ya_c[1]
DOPAD_DEL   ---     3.448       34.PADDO to         34.PAD Ya[1]
                  --------
                   15.539   (38.2% logic, 61.8% route), 4 logic levels.

Report:   15.445ns delay Sa[3] to Ya[7]

   Name    Fanout   Delay (ns)          Site               Resource
PADI_DEL    ---     1.372         97.PAD to       97.PADDI Sa[3]
ROUTE         6     4.478       97.PADDI to     R23C32B.A0 Sa_c[3]
CTOF_DEL    ---     0.452     R23C32B.A0 to     R23C32B.F0 SLICE_11
ROUTE         1     0.885     R23C32B.F0 to     R23C32D.B1 N_38_0
CTOOFX_DEL  ---     0.661     R23C32D.B1 to   R23C32D.OFX0 Ya_6[7]/SLICE_0
ROUTE         1     1.149   R23C32D.OFX0 to     R22C33D.A0 N_63
CTOF_DEL    ---     0.452     R22C33D.A0 to     R22C33D.F0 SLICE_8
ROUTE         1     2.548     R22C33D.F0 to      114.PADDO Ya_c[7]
DOPAD_DEL   ---     3.448      114.PADDO to        114.PAD Ya[7]
                  --------
                   15.445   (41.3% logic, 58.7% route), 5 logic levels.

Report:   15.353ns delay Sa[3] to Ya[3]

   Name    Fanout   Delay (ns)          Site               Resource
PADI_DEL    ---     1.372         97.PAD to       97.PADDI Sa[3]
ROUTE         6     4.478       97.PADDI to     R23C32A.A0 Sa_c[3]
CTOF_DEL    ---     0.452     R23C32A.A0 to     R23C32A.F0 SLICE_9
ROUTE         7     1.769     R23C32A.F0 to     R25C31C.B0 N_41_mux
CTOOFX_DEL  ---     0.661     R25C31C.B0 to   R25C31C.OFX0 Ya_pad_RNO[3]/SLICE_4
ROUTE         1     3.173   R25C31C.OFX0 to      110.PADDO Ya_c[3]
DOPAD_DEL   ---     3.448      110.PADDO to        110.PAD Ya[3]
                  --------
                   15.353   (38.6% logic, 61.4% route), 4 logic levels.

Report:   15.322ns delay Sa[3] to Ya[2]

   Name    Fanout   Delay (ns)          Site               Resource
PADI_DEL    ---     1.372         97.PAD to       97.PADDI Sa[3]
ROUTE         6     4.478       97.PADDI to     R23C32A.A0 Sa_c[3]
CTOF_DEL    ---     0.452     R23C32A.A0 to     R23C32A.F0 SLICE_9
ROUTE         7     1.738     R23C32A.F0 to     R25C31D.A0 N_41_mux
CTOOFX_DEL  ---     0.661     R25C31D.A0 to   R25C31D.OFX0 Ya_pad_RNO[2]/SLICE_5
ROUTE         1     3.173   R25C31D.OFX0 to      109.PADDO Ya_c[2]
DOPAD_DEL   ---     3.448      109.PADDO to        109.PAD Ya[2]
                  --------
                   15.322   (38.7% logic, 61.3% route), 4 logic levels.

Report:   15.307ns delay Sa[2] to Ya[1]

   Name    Fanout   Delay (ns)          Site               Resource
PADI_DEL    ---     1.372         98.PAD to       98.PADDI Sa[2]
ROUTE         6     3.988       98.PADDI to     R23C32A.C0 Sa_c[2]
CTOF_DEL    ---     0.452     R23C32A.C0 to     R23C32A.F0 SLICE_9
ROUTE         7     2.133     R23C32A.F0 to     R25C31A.B0 N_41_mux
CTOOFX_DEL  ---     0.661     R25C31A.B0 to   R25C31A.OFX0 Ya_pad_RNO[1]/SLICE_6
ROUTE         1     3.253   R25C31A.OFX0 to       34.PADDO Ya_c[1]
DOPAD_DEL   ---     3.448       34.PADDO to         34.PAD Ya[1]
                  --------
                   15.307   (38.8% logic, 61.2% route), 4 logic levels.

Report:   15.269ns delay Sa[3] to Ya[0]

   Name    Fanout   Delay (ns)          Site               Resource
PADI_DEL    ---     1.372         97.PAD to       97.PADDI Sa[3]
ROUTE         6     4.270       97.PADDI to     R23C32C.C0 Sa_c[3]
CTOF_DEL    ---     0.452     R23C32C.C0 to     R23C32C.F0 SLICE_10
ROUTE         7     1.434     R23C32C.F0 to     R25C31B.D0 N_8_0
CTOOFX_DEL  ---     0.661     R25C31B.D0 to   R25C31B.OFX0 Ya_pad_RNO[0]/SLICE_7
ROUTE         1     3.632   R25C31B.OFX0 to       35.PADDO Ya_c[0]
DOPAD_DEL   ---     3.448       35.PADDO to         35.PAD Ya[0]
                  --------
                   15.269   (38.9% logic, 61.1% route), 4 logic levels.

Report:   16.145ns is the maximum delay for this preference.


================================================================================
Preference: Default net enumeration
            35 items scored, 0 timing errors detected.
--------------------------------------------------------------------------------

Report:    4.478ns maximum delay on Sa_c[3]

           Delays             Connection(s)
           4.478ns         97.PADDI to R23C32B.A0      
           4.270ns         97.PADDI to R23C32C.C1      
           4.270ns         97.PADDI to R23C32C.C0      
           4.478ns         97.PADDI to R23C32A.A1      
           4.478ns         97.PADDI to R23C32A.A0      
           3.367ns         97.PADDI to R22C33D.B1      

Report:    4.290ns maximum delay on Sa_c[0]

           Delays             Connection(s)
           4.220ns        100.PADDI to R23C32C.B1      
           4.220ns        100.PADDI to R23C32C.B0      
           4.220ns        100.PADDI to R23C32A.B1      
           4.220ns        100.PADDI to R23C32A.B0      
           4.290ns        100.PADDI to R22C33D.D1      
           4.229ns        100.PADDI to R23C32D.D1      
           4.220ns        100.PADDI to R23C32D.B0      

Report:    4.183ns maximum delay on Sa_c[2]

           Delays             Connection(s)
           4.183ns         98.PADDI to R23C32C.A1      
           4.183ns         98.PADDI to R23C32C.A0      
           3.988ns         98.PADDI to R23C32A.C1      
           3.988ns         98.PADDI to R23C32A.C0      
           3.585ns         98.PADDI to R22C33D.C1      
           3.832ns         98.PADDI to R23C32D.M0      

Report:    3.715ns maximum delay on Sa_c[1]

           Delays             Connection(s)
           3.436ns         99.PADDI to R23C32B.D0      
           3.436ns         99.PADDI to R23C32C.D1      
           3.436ns         99.PADDI to R23C32C.D0      
           3.436ns         99.PADDI to R23C32A.D1      
           3.436ns         99.PADDI to R23C32A.D0      
           3.715ns         99.PADDI to R22C33D.A1      
           3.436ns         99.PADDI to R23C32D.D0      

Report:    3.632ns maximum delay on Ya_c[0]

           Delays             Connection(s)
           3.632ns     R25C31B.OFX0 to 35.PADDO        

Report:    3.298ns maximum delay on Aa_c[4]

           Delays             Connection(s)
           3.298ns         50.PADDI to R25C32C.C1      
           3.174ns         50.PADDI to R25C32C.B0      

Report:    3.253ns maximum delay on Ya_c[1]

           Delays             Connection(s)
           3.253ns     R25C31A.OFX0 to 34.PADDO        

Report:    3.173ns maximum delay on Ya_c[3]

           Delays             Connection(s)
           3.173ns     R25C31C.OFX0 to 110.PADDO       

Report:    3.173ns maximum delay on Ya_c[4]

           Delays             Connection(s)
           3.173ns     R25C32C.OFX0 to 111.PADDO       

Report:    3.173ns maximum delay on Ya_c[2]

           Delays             Connection(s)
           3.173ns     R25C31D.OFX0 to 109.PADDO       

Report:    4.478ns is the maximum delay for this preference.

Report Summary
--------------
----------------------------------------------------------------------------
Preference                              |   Constraint|       Actual|Levels
----------------------------------------------------------------------------
                                        |             |             |
Default path enumeration                |     0.000 ns|    16.145 ns|   0  
                                        |             |             |
Default net enumeration                 |     0.000 ns|     4.478 ns|   0  
                                        |             |             |
----------------------------------------------------------------------------


All preferences were met.


Clock Domains Analysis
------------------------

Found 0 clocks:


Timing summary (Setup):
---------------

Timing errors: 0  Score: 0
Cumulative negative slack: 0

Constraints cover 147 paths, 35 nets, and 90 connections (100.00% coverage)

--------------------------------------------------------------------------------

